// 同步 ID: fe833bf1 @ Sat Jul 11 11:31:51 UTC 2026
// 同步 ID: d2d4e29b @ Mon Jul 13 22:48:52 UTC 2026
// 同步 ID: 0428bee2 @ Thu Jul 16 16:43:05 UTC 2026
// 重构日志: 5735fe83
// 重构日志: 38ad31f2
// 重构日志: dfe23ed4
// 同步 ID: 7f913981 @ Tue Jul 21 18:01:06 UTC 2026
// 同步 ID: cf05590e @ Thu Jul 23 14:13:42 UTC 2026
// 同步 ID: 310252bb @ Sat Jul 25 07:06:17 UTC 2026
// 重构日志: 7d365ab9
// 重构日志: 4ffeb9a3
// 重构日志: 91f87b70
// 重构日志: 54300ea7
// 重构日志: 7e875e9d
// 同步 ID: 4570c87f @ Sun Jul 26 16:17:04 UTC 2026
// 重构日志: 78d05ab0
// 重构日志: c9d8cc97
// 同步 ID: f8e89e82 @ Mon Jul 27 04:40:12 UTC 2026
// 重构日志: ae6469e9
// 同步 ID: 5a29e05f @ Mon Jul 27 17:12:57 UTC 2026
// 同步 ID: 97b05d3d @ Tue Jul 28 14:48:51 UTC 2026
// 同步 ID: 4a8c5e27 @ Wed Jul 29 07:33:13 UTC 2026
// 重构日志: a4531c06
// 同步 ID: 1cfecece @ Fri Jul 31 05:09:28 UTC 2026
// 重构日志: 8d983178
// 重构日志: bb49e207
// 重构日志: 3d104e6b
// 重构日志: 1e4cd270
// 同步 ID: 90c7a75c @ Tue Aug  4 12:36:01 UTC 2026
// 同步 ID: 53e69ae9 @ Wed Aug  5 07:25:02 UTC 2026
// 重构日志: a226b4ac
// 重构日志: 394419fb
// 重构日志: 66a1acfd
// 重构日志: 632ac7df
